// Jest Snapshot v1, https://goo.gl/fbAQLP

exports[`Pruebas en <TodoList /> debe mostrarse correctamente 1`] = `
<ul
  className="list-group list-group-flush"
>
  <TodoListItem
    deleteTodo={[MockFunction]}
    index={1}
    key="1"
    todo={
      Object {
        "description": "Aprender React",
        "done": false,
        "id": 1,
      }
    }
    toggleTodo={[MockFunction]}
  />
  <TodoListItem
    deleteTodo={[MockFunction]}
    index={2}
    key="2"
    todo={
      Object {
        "description": "Aprender Javascript",
        "done": false,
        "id": 2,
      }
    }
    toggleTodo={[MockFunction]}
  />
</ul>
`;
